Microchip MPLAB XC8 Compiler V1.37 ()

Linker command line:

-W-3 --edf=/opt/microchip/xc8/v1.37/dat/en_msgs.txt -cs \
  -h+dist/default/debug/UartDriver.X.debug.sym \
  --cmf=dist/default/debug/UartDriver.X.debug.cmf -z -Q18F2550 \
  -o/tmp/xcXGGUCyV -Mdist/default/debug/UartDriver.X.debug.map -E1 -ver=XC8 \
  -ASTACK=0400h-07ffh -pstack=STACK -ACODE=00h-07CFFh -ACONST=00h-07CFFh \
  -ASMALLCONST=0800h-08FFhx117 -AMEDIUMCONST=0800h-07CFFh -ACOMRAM=01h-05Fh \
  -AABS1=00h-03EEh,0400h-07FFh -ABIGRAM=01h-03EEh,0400h-07FFh \
  -ARAM=060h-0FFh,0100h-01FFhx2,0300h-03EEh,0400h-04FFhx4 -ABANK0=060h-0FFh \
  -ABANK1=0100h-01FFh -ABANK2=0200h-02FFh -ABANK3=0300h-03EEh \
  -ABANK4=0400h-04FFh -ABANK5=0500h-05FFh -ABANK6=0600h-06FFh \
  -ABANK7=0700h-07FFh \
  -ASFR=0F60h-0F9Bh,0F9Dh-0FD3h,0FD5h-0FDAh,0FE0h-0FE2h,0FE8h-0FEAh,0FF0h-0FFBh \
  -preset_vec=00h,intcode,intcodelo=018h,powerup,init,end_init \
  -pramtop=0800h -psmallconst=SMALLCONST -pmediumconst=MEDIUMCONST \
  -pconst=CONST -AFARRAM=00h-00h -ACONFIG=0300000h-030000Dh -pconfig=CONFIG \
  -AIDLOC=0200000h-0200007h -pidloc=IDLOC -AEEDATA=0F00000h-0F000FFh \
  -peeprom_data=EEDATA \
  -prdata=COMRAM,nvrram=COMRAM,nvbit=COMRAM,rbss=COMRAM,rbit=COMRAM \
  -pfarbss=FARRAM,fardata=FARRAM,nvFARRAM=FARRAM \
  -pintsave_regs=BIGRAM,bigbss=BIGRAM,bigdata=BIGRAM -pbss=RAM \
  -pidata=CODE,irdata=CODE,ibigdata=CODE,ifardata=CODE -prparam=COMRAM \
  /tmp/xcX98gvRV.obj dist/default/debug/UartDriver.X.debug.obj 

Object code version is 3.11

Machine type is 18F2550

Call graph: (short form)




                Name                               Link     Load   Length Selector   Space Scale
/tmp/xcX98gvRV.obj
                end_init                             B4       B4        4        C       0
                reset_vec                             0        0        6        0       0
                idloc                            200000   200000        8   200000       0
                config                           300000   300000        E   300000       0
dist/default/debug/UartDriver.X.debug.obj
                intcodelo                            18       18       9C        C       0
                temp                                 3E       3E        1        1       1
                smallconst                          800      800       44      400       0
                text19                             1188     1188       52      422       0
                text18                             1266     1266        C      422       0
                text17                             1272     1272        A      422       0
                text16                              B6A      B6A      12A      422       0
                text15                             1072     1072       60      422       0
                text14                              844      844      1CC      422       0
                text13                             127C     127C        8      422       0
                text11                             122C     122C       1E      422       0
                text10                             1206     1206       26      422       0
                text9                               C94      C94      11A      422       0
                text8                               F52      F52       A8      422       0
                text7                              11DA     11DA       2C      422       0
                text6                               FFA      FFA       78      422       0
                text5                              1258     1258        E      422       0
                text4                              124A     124A        E      422       0
                text3                               A10      A10      15A      422       0
                text2                               E80      E80       D2      422       0
                text1                              1130     1130       58      422       0
                text0                               DAE      DAE       D2      422       0
                cstackCOMRAM                          1        1       29        1       1
                cstackBANK0                          60       60       1A       60       1
                bssBANK1                            100      100       A6      100       1
                dataBANK0                            7D       7D        2       60       1
                dataCOMRAM                           38       38        6        1       1
                bssCOMRAM                            2A       2A        E        1       1
                cinit                              10D2     10D2       5E      422       0
                nvBANK0                              7A       7A        3       60       1
                idataBANK0                         128A     128A        2      422       0
                idataCOMRAM                        1284     1284        6      422       0

TOTAL           Name                               Link     Load   Length     Space
        CLASS   STACK          

        CLASS   CODE           
                end_init                             B4       B4        4         0
                intcodelo                            18       18       9C         0
                reset_vec                             0        0        6         0
                text19                             1188     1188       52         0
                text18                             1266     1266        C         0
                text17                             1272     1272        A         0
                text16                              B6A      B6A      12A         0
                text15                             1072     1072       60         0
                text14                              844      844      1CC         0
                text13                             127C     127C        8         0
                text11                             122C     122C       1E         0
                text10                             1206     1206       26         0
                text9                               C94      C94      11A         0
                text8                               F52      F52       A8         0
                text7                              11DA     11DA       2C         0
                text6                               FFA      FFA       78         0
                text5                              1258     1258        E         0
                text4                              124A     124A        E         0
                text3                               A10      A10      15A         0
                text2                               E80      E80       D2         0
                text1                              1130     1130       58         0
                text0                               DAE      DAE       D2         0
                cinit                              10D2     10D2       5E         0
                idataBANK0                         128A     128A        2         0
                idataCOMRAM                        1284     1284        6         0

        CLASS   CONST          

        CLASS   SMALLCONST     
                smallconst                          800      800       44         0

        CLASS   MEDIUMCONST    

        CLASS   COMRAM         
                temp                                 3E       3E        1         1
                cstackCOMRAM                          1        1       29         1
                dataCOMRAM                           38       38        6         1
                bssCOMRAM                            2A       2A        E         1

        CLASS   ABS1           

        CLASS   BIGRAM         

        CLASS   RAM            

        CLASS   BANK0          
                cstackBANK0                          60       60       1A         1
                dataBANK0                            7D       7D        2         1
                nvBANK0                              7A       7A        3         1

        CLASS   BANK1          
                bssBANK1                            100      100       A6         1

        CLASS   BANK2          

        CLASS   BANK3          

        CLASS   BANK4          

        CLASS   BANK5          

        CLASS   BANK6          

        CLASS   BANK7          

        CLASS   SFR            

        CLASS   FARRAM         

        CLASS   CONFIG         
                config                           300000   300000        E         0

        CLASS   IDLOC          
                idloc                            200000   200000        8         0

        CLASS   EEDATA         



SEGMENTS        Name                           Load    Length   Top    Selector   Space  Class

                reset_vec                      000000  000006  000006         0       0  CODE    
                cstackCOMRAM                   000001  00003E  00003F         1       1  COMRAM  
                intcodelo                      000018  0000A0  0000B8         C       0  CODE    
                cstackBANK0                    000060  00001F  00007F        60       1  BANK0   
                bssBANK1                       000100  0000A6  0001A6       100       1  BANK1   
                smallconst                     000800  000044  000844       400       0  SMALLCON
                text14                         000844  000A48  00128C       422       0  CODE    
                idloc                          200000  000008  200008    200000       0  IDLOC   
                config                         300000  00000E  30000E    300000       0  CONFIG  


UNUSED ADDRESS RANGES

        Name                Unused          Largest block    Delta
        BANK0            00007F-0000FF               81
        BANK1            0001A6-0001FF               5A
        BANK2            000200-0002FF              100
        BANK3            000300-0003EE               EF
        BANK4            000400-0004FF              100
        BANK5            000500-0005FF              100
        BANK6            000600-0006FF              100
        BANK7            000700-0007FF              100
        BIGRAM           00003F-00005F               21
                         00007F-0000FF               81
                         0001A6-0003EE              249
                         000400-0007FF              400
        CODE             000006-000017               12
                         0000B8-0007FF              748
                         00128C-007CFF             6A74
        COMRAM           00003F-00005F               21
        CONST            000006-000017               12
                         0000B8-0007FF              748
                         00128C-007CFF             6A74
        EEDATA           F00000-F000FF              100
        MEDIUMCONST      00128C-007CFF             6A74
        RAM              00007F-0000FF               81
                         0001A6-0003EE              100
                         000400-0007FF              100
        SFR              000F60-000F9B               3C
                         000F9D-000FD3               37
                         000FD5-000FDA                6
                         000FE0-000FE2                3
                         000FE8-000FEA                3
                         000FF0-000FFB                C
        SMALLCONST       00128C-007CFF              100
        STACK            000400-0007FF              400

                                  Symbol Table

?_D_UART_Read            cstackBANK0  000060
?___aldiv                cstackBANK0  000060
?___lwdiv                cstackBANK0  000060
?_printf                 cstackBANK0  000067
?_strcmp                 cstackBANK0  000060
?i1___lwdiv              cstackCOMRAM 000001
?i1_printf               cstackCOMRAM 000008
D_UART_Enable@enable     cstackBANK0  000060
D_UART_Init@baud         cstackBANK0  000070
D_UART_Init@interrupts   cstackBANK0  000072
D_UART_Init@name         cstackBANK0  00006E
D_UART_Write@command     cstackBANK0  000075
D_UART_Write@data        cstackBANK0  000077
_ADCON1                  (abs)        000FC1
_BAUDCONbits             (abs)        000FB8
_D_PORT_Init             text11       00122C
_D_UART_Enable           text10       001206
_D_UART_Init             text8        000F52
_D_UART_Init$1304        cstackBANK0  000073
_D_UART_Read             text7        0011DA
_D_UART_Write            text2        000E80
_INTCONbits              (abs)        000FF2
_IPR1bits                (abs)        000F9F
_LowISR                  intcodelo    000018
_PIE1bits                (abs)        000F9D
_PIR1bits                (abs)        000F9E
_PORTA                   (abs)        000F80
_PORTAbits               (abs)        000F80
_PORTB                   (abs)        000F81
_PORTC                   (abs)        000F82
_RCONbits                (abs)        000FD0
_RCREG                   (abs)        000FAE
_RCSTAbits               (abs)        000FAB
_SPBRG                   (abs)        000FAF
_TRISA                   (abs)        000F92
_TRISB                   (abs)        000F93
_TRISC                   (abs)        000F94
_TRISCbits               (abs)        000F94
_TXREG                   (abs)        000FAD
_TXSTAbits               (abs)        000FAC
__CFG_BOR$ON             (abs)        000000
__CFG_BORV$3             (abs)        000000
__CFG_CCP2MX$OFF         (abs)        000000
__CFG_CP0$OFF            (abs)        000000
__CFG_CP1$OFF            (abs)        000000
__CFG_CP2$OFF            (abs)        000000
__CFG_CP3$OFF            (abs)        000000
__CFG_CPB$OFF            (abs)        000000
__CFG_CPD$OFF            (abs)        000000
__CFG_CPUDIV$OSC1_PLL2   (abs)        000000
__CFG_EBTR0$OFF          (abs)        000000
__CFG_EBTR1$OFF          (abs)        000000
__CFG_EBTR2$OFF          (abs)        000000
__CFG_EBTR3$OFF          (abs)        000000
__CFG_EBTRB$OFF          (abs)        000000
__CFG_FCMEN$OFF          (abs)        000000
__CFG_FOSC$HS            (abs)        000000
__CFG_IESO$OFF           (abs)        000000
__CFG_LPT1OSC$OFF        (abs)        000000
__CFG_LVP$OFF            (abs)        000000
__CFG_MCLRE$ON           (abs)        000000
__CFG_PBADEN$OFF         (abs)        000000
__CFG_PLLDIV$5           (abs)        000000
__CFG_PWRT$OFF           (abs)        000000
__CFG_STVREN$OFF         (abs)        000000
__CFG_USBDIV$1           (abs)        000000
__CFG_VREGEN$OFF         (abs)        000000
__CFG_WDT$OFF            (abs)        000000
__CFG_WDTPS$32768        (abs)        000000
__CFG_WRT0$OFF           (abs)        000000
__CFG_WRT1$OFF           (abs)        000000
__CFG_WRT2$OFF           (abs)        000000
__CFG_WRT3$OFF           (abs)        000000
__CFG_WRTB$OFF           (abs)        000000
__CFG_WRTC$OFF           (abs)        000000
__CFG_WRTD$OFF           (abs)        000000
__CFG_XINST$OFF          (abs)        000000
__HRAM                   (abs)        000000
__Habs1                  abs1         000000
__Hbank0                 bank0        000000
__Hbank1                 bank1        000000
__Hbank2                 bank2        000000
__Hbank3                 bank3        000000
__Hbank4                 bank4        000000
__Hbank5                 bank5        000000
__Hbank6                 bank6        000000
__Hbank7                 bank7        000000
__Hbigbss                bigbss       000000
__Hbigdata               bigdata      000000
__Hbigram                bigram       000000
__Hbss                   bss          000000
__HbssBANK1              bssBANK1     000000
__HbssCOMRAM             bssCOMRAM    000000
__Hcinit                 cinit        000000
__Hclrtext               clrtext      000000
__Hcomram                comram       000000
__Hconfig                config       30000E
__Hconst                 const        000000
__HcstackBANK0           cstackBANK0  000000
__HcstackCOMRAM          cstackCOMRAM 000000
__Hdata                  data         000000
__HdataBANK0             dataBANK0    000000
__HdataCOMRAM            dataCOMRAM   000000
__Heeprom_data           eeprom_data  000000
__Hend_init              end_init     0000B8
__Hfarbss                farbss       000000
__Hfardata               fardata      000000
__Hibigdata              ibigdata     000000
__Hidata                 idata        000000
__HidataBANK0            idataBANK0   000000
__HidataCOMRAM           idataCOMRAM  000000
__Hidloc                 idloc        200008
__Hifardata              ifardata     000000
__Hinit                  init         0000B4
__Hintcode               intcode      000006
__Hintcode_body          intcode_body 000000
__Hintcodelo             intcodelo    0000B4
__Hintentry              intentry     000000
__Hintret                intret       000000
__Hintsave_regs          intsave_regs 000000
__Hirdata                irdata       000000
__Hmediumconst           mediumconst  000000
__HnvBANK0               nvBANK0      000000
__HnvFARRAM              nvFARRAM     000000
__Hnvbit                 nvbit        000000
__Hnvrram                nvrram       000000
__Hparam                 rparam       000000
__Hpowerup               powerup      0000B4
__Hram                   ram          000000
__Hramtop                ramtop       000800
__Hrbit                  rbit         000000
__Hrbss                  rbss         000000
__Hrdata                 rdata        000000
__Hreset_vec             reset_vec    000006
__Hrparam                rparam       000000
__Hsfr                   sfr          000000
__Hsmallconst            smallconst   000844
__Hspace_0               (abs)        30000E
__Hspace_1               (abs)        0001A6
__Hspace_2               (abs)        000000
__Hstack                 stack        000000
__Hstruct                struct       000000
__Htemp                  temp         00003F
__Htext                  text         000000
__Htext0                 text0        000000
__Htext1                 text1        000000
__Htext10                text10       000000
__Htext11                text11       000000
__Htext13                text13       000000
__Htext14                text14       000000
__Htext15                text15       000000
__Htext16                text16       000000
__Htext17                text17       000000
__Htext18                text18       000000
__Htext19                text19       000000
__Htext2                 text2        000000
__Htext3                 text3        000000
__Htext4                 text4        000000
__Htext5                 text5        000000
__Htext6                 text6        000000
__Htext7                 text7        000000
__Htext8                 text8        000000
__Htext9                 text9        000000
__LRAM                   (abs)        000001
__Labs1                  abs1         000000
__Lbank0                 bank0        000000
__Lbank1                 bank1        000000
__Lbank2                 bank2        000000
__Lbank3                 bank3        000000
__Lbank4                 bank4        000000
__Lbank5                 bank5        000000
__Lbank6                 bank6        000000
__Lbank7                 bank7        000000
__Lbigbss                bigbss       000000
__Lbigdata               bigdata      000000
__Lbigram                bigram       000000
__Lbss                   bss          000000
__LbssBANK1              bssBANK1     000000
__LbssCOMRAM             bssCOMRAM    000000
__Lcinit                 cinit        000000
__Lclrtext               clrtext      000000
__Lcomram                comram       000000
__Lconfig                config       300000
__Lconst                 const        000000
__LcstackBANK0           cstackBANK0  000000
__LcstackCOMRAM          cstackCOMRAM 000000
__Ldata                  data         000000
__LdataBANK0             dataBANK0    000000
__LdataCOMRAM            dataCOMRAM   000000
__Leeprom_data           eeprom_data  000000
__Lend_init              end_init     0000B4
__Lfarbss                farbss       000000
__Lfardata               fardata      000000
__Libigdata              ibigdata     000000
__Lidata                 idata        000000
__LidataBANK0            idataBANK0   000000
__LidataCOMRAM           idataCOMRAM  000000
__Lidloc                 idloc        200000
__Lifardata              ifardata     000000
__Linit                  init         0000B4
__Lintcode               intcode      000006
__Lintcode_body          intcode_body 000000
__Lintcodelo             intcodelo    000018
__Lintentry              intentry     000000
__Lintret                intret       000000
__Lintsave_regs          intsave_regs 000000
__Lirdata                irdata       000000
__Lmediumconst           mediumconst  000000
__LnvBANK0               nvBANK0      000000
__LnvFARRAM              nvFARRAM     000000
__Lnvbit                 nvbit        000000
__Lnvrram                nvrram       000000
__Lparam                 rparam       000000
__Lpowerup               powerup      0000B4
__Lram                   ram          000000
__Lramtop                ramtop       000800
__Lrbit                  rbit         000000
__Lrbss                  rbss         000000
__Lrdata                 rdata        000000
__Lreset_vec             reset_vec    000000
__Lrparam                rparam       000000
__Lsfr                   sfr          000000
__Lsmallconst            smallconst   000800
__Lspace_0               (abs)        000000
__Lspace_1               (abs)        000000
__Lspace_2               (abs)        000000
__Lstack                 stack        000000
__Lstruct                struct       000000
__Ltemp                  temp         00003E
__Ltext                  text         000000
__Ltext0                 text0        000000
__Ltext1                 text1        000000
__Ltext10                text10       000000
__Ltext11                text11       000000
__Ltext13                text13       000000
__Ltext14                text14       000000
__Ltext15                text15       000000
__Ltext16                text16       000000
__Ltext17                text17       000000
__Ltext18                text18       000000
__Ltext19                text19       000000
__Ltext2                 text2        000000
__Ltext3                 text3        000000
__Ltext4                 text4        000000
__Ltext5                 text5        000000
__Ltext6                 text6        000000
__Ltext7                 text7        000000
__Ltext8                 text8        000000
__Ltext9                 text9        000000
__S0                     (abs)        30000E
__S1                     (abs)        0001A6
__S2                     (abs)        000000
___aldiv                 text9        000C94
___aldiv@counter         cstackBANK0  000068
___aldiv@dividend        cstackBANK0  000060
___aldiv@divisor         cstackBANK0  000064
___aldiv@quotient        cstackBANK0  00006A
___aldiv@sign            cstackBANK0  000069
___inthi_sp              stack        000000
___intlo_sp              stack        000000
___lwdiv                 text6        000FFA
___lwdiv@counter         cstackBANK0  000064
___lwdiv@dividend        cstackBANK0  000060
___lwdiv@divisor         cstackBANK0  000062
___lwdiv@quotient        cstackBANK0  000065
___param_bank            (abs)        000010
___rparam_used           (abs)        000001
___sp                    stack        000000
__accesstop              (abs)        000060
__activetblptr           (abs)        000002
__end_of_D_PORT_Init     text11       00124A
__end_of_D_UART_Enable   text10       00122C
__end_of_D_UART_Init     text8        000FFA
__end_of_D_UART_Read     text7        001206
__end_of_D_UART_Write    text2        000F52
__end_of_LowISR          intcodelo    0000B4
__end_of___aldiv         text9        000DAE
__end_of___lwdiv         text6        001072
__end_of__initialization cinit        001122
__end_of_acknowledge     text15       0010D2
__end_of_fillDataBuffer  text14       000A10
__end_of_hexpowers       smallconst   000809
__end_of_main            text0        000E80
__end_of_printf          text3        000B6A
__end_of_putch           text4        001258
__end_of_readByte        text13       001284
__end_of_strcmp          text1        001188
__end_of_writeByte       text5        001266
__end_ofi1___lwdiv       text19       0011DA
__end_ofi1_printf        text16       000C94
__end_ofi1_putch         text17       00127C
__end_ofi1_writeByte     text18       001272
__initialization         cinit        0010D2
__mediumconst            mediumconst  000000
__pbssBANK1              bssBANK1     000100
__pbssCOMRAM             bssCOMRAM    00002A
__pcinit                 cinit        0010D2
__pcstackBANK0           cstackBANK0  000060
__pcstackCOMRAM          cstackCOMRAM 000001
__pdataBANK0             dataBANK0    00007D
__pdataCOMRAM            dataCOMRAM   000038
__pidataBANK0            idataBANK0   00128A
__pidataCOMRAM           idataCOMRAM  001284
__pintcodelo             intcodelo    000018
__pnvBANK0               nvBANK0      00007A
__psmallconst            smallconst   000800
__ptext0                 text0        000DAE
__ptext1                 text1        001130
__ptext10                text10       001206
__ptext11                text11       00122C
__ptext13                text13       00127C
__ptext14                text14       000844
__ptext15                text15       001072
__ptext16                text16       000B6A
__ptext17                text17       001272
__ptext18                text18       001266
__ptext19                text19       001188
__ptext2                 text2        000E80
__ptext3                 text3        000A10
__ptext4                 text4        00124A
__ptext5                 text5        001258
__ptext6                 text6        000FFA
__ptext7                 text7        0011DA
__ptext8                 text8        000F52
__ptext9                 text9        000C94
__ramtop                 ramtop       000800
__size_of_D_PORT_Init    (abs)        000000
__size_of_D_UART_Enable  (abs)        000000
__size_of_D_UART_Init    (abs)        000000
__size_of_D_UART_Read    (abs)        000000
__size_of_D_UART_Write   (abs)        000000
__size_of_LowISR         (abs)        000000
__size_of___aldiv        (abs)        000000
__size_of___lwdiv        (abs)        000000
__size_of_acknowledge    (abs)        000000
__size_of_fillDataBuffer (abs)        000000
__size_of_main           (abs)        000000
__size_of_printf         (abs)        000000
__size_of_putch          (abs)        000000
__size_of_readByte       (abs)        000000
__size_of_strcmp         (abs)        000000
__size_of_writeByte      (abs)        000000
__size_ofi1___lwdiv      (abs)        000000
__size_ofi1_printf       (abs)        000000
__size_ofi1_putch        (abs)        000000
__size_ofi1_writeByte    (abs)        000000
__smallconst             smallconst   000800
_ackCharacter            dataCOMRAM   000038
_acknowledge             text15       001072
_baud                    bssCOMRAM    000036
_deviceName              nvBANK0      00007A
_fillDataBuffer          text14       000844
_hexpowers               smallconst   000801
_main                    text0        000DAE
_messageCharacter        dataBANK0    00007D
_printf                  text3        000A10
_putch                   text4        00124A
_read                    bssCOMRAM    00002A
_readBuffer              bssBANK1     000100
_readByte                text13       00127C
_readData                bssCOMRAM    000030
_readReady               bssCOMRAM    000037
_startCharacter          dataCOMRAM   00003A
_stopCharacter           dataCOMRAM   00003C
_strcmp                  text1        001130
_writeByte               text5        001258
btemp                    temp         00003E
end_of_initialization    cinit        001122
fillDataBuffer@data      cstackCOMRAM 000018
i1___lwdiv               text19       001188
i1___lwdiv@counter       cstackCOMRAM 000007
i1___lwdiv@dividend      cstackCOMRAM 000001
i1___lwdiv@divisor       cstackCOMRAM 000003
i1___lwdiv@quotient      cstackCOMRAM 000005
i1_printf                text16       000B6A
i1_putch                 text17       001272
i1_writeByte             text18       001266
i1printf@ap              cstackCOMRAM 000011
i1printf@c               cstackCOMRAM 000017
i1printf@f               cstackCOMRAM 000008
i1printf@flag            cstackCOMRAM 000010
i1printf@idx             cstackCOMRAM 000013
i1printf@prec            cstackCOMRAM 000016
i1printf@val             cstackCOMRAM 000014
i1putch@data             cstackCOMRAM 000002
i1writeByte@data         cstackCOMRAM 000001
int$flags                temp         00003E
intlevel0                text         000000
intlevel1                text         000000
intlevel2                text         000000
intlevel3                text         000000
printf@ap                cstackBANK0  00006F
printf@c                 cstackBANK0  000074
printf@f                 cstackBANK0  000067
printf@flag              cstackBANK0  00006D
printf@idx               cstackBANK0  00006E
printf@prec              cstackBANK0  000073
printf@val               cstackBANK0  000071
putch@data               cstackBANK0  000061
stackhi                  (abs)        0007FF
stacklo                  (abs)        000400
start                    init         0000B4
start_initialization     cinit        0010D2
strcmp@r                 cstackBANK0  000065
strcmp@s1                cstackBANK0  000060
strcmp@s2                cstackBANK0  000062
writeByte@data           cstackBANK0  000060


FUNCTION INFORMATION:

 *************** function _main *****************
 Defined at:
		line 20 in file "main.c"
 Parameters:    Size  Location     Type
		None
 Auto vars:     Size  Location     Type
		None
 Return value:  Size  Location     Type
                  1    wreg      void 
 Registers used:
		wreg, fsr0l, fsr0h, fsr2l, fsr2h, status,2, status,0, tblptrl, tblptrh, tblptru, prodl, prodh, cstack
 Tracked objects:
		On entry : 
		On exit  : 
		Unchanged: 
 Data sizes:     COMRAM   BANK0   BANK1   BANK2   BANK3   BANK4   BANK5   BANK6   BANK7
      Params:         0       0       0       0       0       0       0       0       0
      Locals:         0       0       0       0       0       0       0       0       0
      Temps:          0       0       0       0       0       0       0       0       0
      Totals:         0       0       0       0       0       0       0       0       0
Total ram usage:        0 bytes
 Hardware stack levels required when called:   10
 This function calls:
		_D_PORT_Init
		_D_UART_Enable
		_D_UART_Init
		_D_UART_Read
		_D_UART_Write
		_strcmp
 This function is called by:
		Startup code after reset
 This function uses a non-reentrant model


 *************** function _strcmp *****************
 Defined at:
		line 33 in file "/opt/microchip/xc8/v1.37/sources/common/strcmp.c"
 Parameters:    Size  Location     Type
  s1              2    0[BANK0 ] PTR const unsigned char 
		 -> readBuffer(166), 
  s2              2    2[BANK0 ] PTR const unsigned char 
		 -> STR_13(4), STR_12(3), STR_11(4), 
 Auto vars:     Size  Location     Type
  r               1    5[BANK0 ] char 
 Return value:  Size  Location     Type
                  2    0[BANK0 ] int 
 Registers used:
		wreg, fsr2l, fsr2h, status,2, status,0, tblptrl, tblptrh, tblptru
 Tracked objects:
		On entry : 
		On exit  : 
		Unchanged: 
 Data sizes:     COMRAM   BANK0   BANK1   BANK2   BANK3   BANK4   BANK5   BANK6   BANK7
      Params:         0       4       0       0       0       0       0       0       0
      Locals:         0       1       0       0       0       0       0       0       0
      Temps:          0       1       0       0       0       0       0       0       0
      Totals:         0       6       0       0       0       0       0       0       0
Total ram usage:        6 bytes
 Hardware stack levels used:    1
 Hardware stack levels required when called:    6
 This function calls:
		Nothing
 This function is called by:
		_main
 This function uses a non-reentrant model


 *************** function _D_UART_Write *****************
 Defined at:
		line 223 in file "Drivers/UART_Driver.c"
 Parameters:    Size  Location     Type
  command         2   21[BANK0 ] PTR const unsigned char 
		 -> STR_9(2), 
  data            2   23[BANK0 ] PTR const unsigned char 
		 -> STR_10(5), 
 Auto vars:     Size  Location     Type
		None
 Return value:  Size  Location     Type
                  1    wreg      void 
 Registers used:
		wreg, fsr2l, fsr2h, status,2, status,0, tblptrl, tblptrh, tblptru, prodl, prodh, cstack
 Tracked objects:
		On entry : 
		On exit  : 
		Unchanged: 
 Data sizes:     COMRAM   BANK0   BANK1   BANK2   BANK3   BANK4   BANK5   BANK6   BANK7
      Params:         0       4       0       0       0       0       0       0       0
      Locals:         0       0       0       0       0       0       0       0       0
      Temps:          0       1       0       0       0       0       0       0       0
      Totals:         0       5       0       0       0       0       0       0       0
Total ram usage:        5 bytes
 Hardware stack levels used:    1
 Hardware stack levels required when called:    9
 This function calls:
		_printf
 This function is called by:
		_main
 This function uses a non-reentrant model


 *************** function _printf *****************
 Defined at:
		line 464 in file "/opt/microchip/xc8/v1.37/sources/common/doprnt.c"
 Parameters:    Size  Location     Type
  f               3    7[BANK0 ] PTR const unsigned char 
		 -> STR_10(5), STR_9(2), STR_8(6), STR_7(2), 
		 -> STR_6(2), STR_5(3), STR_4(4), STR_3(4), 
		 -> ROM(32767), STR_2(2), STR_1(2), 
 Auto vars:     Size  Location     Type
  idx             1   14[BANK0 ] unsigned char 
  tmpval          4    0        struct .
  cp              3    0        PTR const unsigned char 
  val             2   17[BANK0 ] unsigned int 
  ap              2   15[BANK0 ] PTR void [1]
		 -> ?i1_printf(2), ?_printf(2), 
  len             2    0        unsigned int 
  c               1   20[BANK0 ] char 
  prec            1   19[BANK0 ] char 
  flag            1   13[BANK0 ] unsigned char 
 Return value:  Size  Location     Type
                  2    7[BANK0 ] int 
 Registers used:
		wreg, fsr2l, fsr2h, status,2, status,0, tblptrl, tblptrh, tblptru, prodl, prodh, cstack
 Tracked objects:
		On entry : 
		On exit  : 
		Unchanged: 
 Data sizes:     COMRAM   BANK0   BANK1   BANK2   BANK3   BANK4   BANK5   BANK6   BANK7
      Params:         0       3       0       0       0       0       0       0       0
      Locals:         0       8       0       0       0       0       0       0       0
      Temps:          0       3       0       0       0       0       0       0       0
      Totals:         0      14       0       0       0       0       0       0       0
Total ram usage:       14 bytes
 Hardware stack levels used:    1
 Hardware stack levels required when called:    8
 This function calls:
		___lwdiv
		_putch
 This function is called by:
		_D_UART_Write
 This function uses a non-reentrant model


 *************** function _putch *****************
 Defined at:
		line 260 in file "Drivers/UART_Driver.c"
 Parameters:    Size  Location     Type
  data            1    wreg     unsigned char 
 Auto vars:     Size  Location     Type
  data            1    1[BANK0 ] unsigned char 
 Return value:  Size  Location     Type
                  1    wreg      void 
 Registers used:
		wreg, status,2, cstack
 Tracked objects:
		On entry : 
		On exit  : 
		Unchanged: 
 Data sizes:     COMRAM   BANK0   BANK1   BANK2   BANK3   BANK4   BANK5   BANK6   BANK7
      Params:         0       0       0       0       0       0       0       0       0
      Locals:         0       1       0       0       0       0       0       0       0
      Temps:          0       0       0       0       0       0       0       0       0
      Totals:         0       1       0       0       0       0       0       0       0
Total ram usage:        1 bytes
 Hardware stack levels used:    1
 Hardware stack levels required when called:    7
 This function calls:
		_writeByte
 This function is called by:
		_printf
 This function uses a non-reentrant model


 *************** function _writeByte *****************
 Defined at:
		line 69 in file "Drivers/UART_Driver.c"
 Parameters:    Size  Location     Type
  data            1    wreg     unsigned char 
 Auto vars:     Size  Location     Type
  data            1    0[BANK0 ] unsigned char 
 Return value:  Size  Location     Type
                  1    wreg      void 
 Registers used:
		wreg
 Tracked objects:
		On entry : 
		On exit  : 
		Unchanged: 
 Data sizes:     COMRAM   BANK0   BANK1   BANK2   BANK3   BANK4   BANK5   BANK6   BANK7
      Params:         0       0       0       0       0       0       0       0       0
      Locals:         0       1       0       0       0       0       0       0       0
      Temps:          0       0       0       0       0       0       0       0       0
      Totals:         0       1       0       0       0       0       0       0       0
Total ram usage:        1 bytes
 Hardware stack levels used:    1
 Hardware stack levels required when called:    6
 This function calls:
		Nothing
 This function is called by:
		_putch
 This function uses a non-reentrant model


 *************** function ___lwdiv *****************
 Defined at:
		line 8 in file "/opt/microchip/xc8/v1.37/sources/common/lwdiv.c"
 Parameters:    Size  Location     Type
  dividend        2    0[BANK0 ] unsigned int 
  divisor         2    2[BANK0 ] unsigned int 
 Auto vars:     Size  Location     Type
  quotient        2    5[BANK0 ] unsigned int 
  counter         1    4[BANK0 ] unsigned char 
 Return value:  Size  Location     Type
                  2    0[BANK0 ] unsigned int 
 Registers used:
		wreg, status,2, status,0
 Tracked objects:
		On entry : 
		On exit  : 
		Unchanged: 
 Data sizes:     COMRAM   BANK0   BANK1   BANK2   BANK3   BANK4   BANK5   BANK6   BANK7
      Params:         0       4       0       0       0       0       0       0       0
      Locals:         0       3       0       0       0       0       0       0       0
      Temps:          0       0       0       0       0       0       0       0       0
      Totals:         0       7       0       0       0       0       0       0       0
Total ram usage:        7 bytes
 Hardware stack levels used:    1
 Hardware stack levels required when called:    6
 This function calls:
		Nothing
 This function is called by:
		_printf
 This function uses a non-reentrant model


 *************** function _D_UART_Read *****************
 Defined at:
		line 237 in file "Drivers/UART_Driver.c"
 Parameters:    Size  Location     Type
		None
 Auto vars:     Size  Location     Type
		None
 Return value:  Size  Location     Type
                  6    0[BANK0 ] struct .
 Registers used:
		wreg, fsr0l, fsr0h, fsr2l, fsr2h, status,2, status,0
 Tracked objects:
		On entry : 
		On exit  : 
		Unchanged: 
 Data sizes:     COMRAM   BANK0   BANK1   BANK2   BANK3   BANK4   BANK5   BANK6   BANK7
      Params:         0       6       0       0       0       0       0       0       0
      Locals:         0       0       0       0       0       0       0       0       0
      Temps:          0       0       0       0       0       0       0       0       0
      Totals:         0       6       0       0       0       0       0       0       0
Total ram usage:        6 bytes
 Hardware stack levels used:    1
 Hardware stack levels required when called:    6
 This function calls:
		Nothing
 This function is called by:
		_main
 This function uses a non-reentrant model


 *************** function _D_UART_Init *****************
 Defined at:
		line 182 in file "Drivers/UART_Driver.c"
 Parameters:    Size  Location     Type
  name            2   14[BANK0 ] PTR const unsigned char 
		 -> STR_8(6), 
  baud            2   16[BANK0 ] unsigned int 
  interrupts      1   18[BANK0 ] unsigned char 
 Auto vars:     Size  Location     Type
		None
 Return value:  Size  Location     Type
                  1    wreg      void 
 Registers used:
		wreg, status,2, status,0, cstack
 Tracked objects:
		On entry : 
		On exit  : 
		Unchanged: 
 Data sizes:     COMRAM   BANK0   BANK1   BANK2   BANK3   BANK4   BANK5   BANK6   BANK7
      Params:         0       5       0       0       0       0       0       0       0
      Locals:         0       4       0       0       0       0       0       0       0
      Temps:          0       0       0       0       0       0       0       0       0
      Totals:         0       9       0       0       0       0       0       0       0
Total ram usage:        9 bytes
 Hardware stack levels used:    1
 Hardware stack levels required when called:    7
 This function calls:
		_D_UART_Enable
		___aldiv
 This function is called by:
		_main
 This function uses a non-reentrant model


 *************** function ___aldiv *****************
 Defined at:
		line 8 in file "/opt/microchip/xc8/v1.37/sources/common/aldiv.c"
 Parameters:    Size  Location     Type
  dividend        4    0[BANK0 ] long 
  divisor         4    4[BANK0 ] long 
 Auto vars:     Size  Location     Type
  quotient        4   10[BANK0 ] long 
  sign            1    9[BANK0 ] unsigned char 
  counter         1    8[BANK0 ] unsigned char 
 Return value:  Size  Location     Type
                  4    0[BANK0 ] long 
 Registers used:
		wreg, status,2, status,0
 Tracked objects:
		On entry : 
		On exit  : 
		Unchanged: 
 Data sizes:     COMRAM   BANK0   BANK1   BANK2   BANK3   BANK4   BANK5   BANK6   BANK7
      Params:         0       8       0       0       0       0       0       0       0
      Locals:         0       6       0       0       0       0       0       0       0
      Temps:          0       0       0       0       0       0       0       0       0
      Totals:         0      14       0       0       0       0       0       0       0
Total ram usage:       14 bytes
 Hardware stack levels used:    1
 Hardware stack levels required when called:    6
 This function calls:
		Nothing
 This function is called by:
		_D_UART_Init
 This function uses a non-reentrant model


 *************** function _D_UART_Enable *****************
 Defined at:
		line 244 in file "Drivers/UART_Driver.c"
 Parameters:    Size  Location     Type
  enable          1    wreg     unsigned char 
 Auto vars:     Size  Location     Type
  enable          1    0[BANK0 ] unsigned char 
 Return value:  Size  Location     Type
                  1    wreg      void 
 Registers used:
		wreg, status,2
 Tracked objects:
		On entry : 
		On exit  : 
		Unchanged: 
 Data sizes:     COMRAM   BANK0   BANK1   BANK2   BANK3   BANK4   BANK5   BANK6   BANK7
      Params:         0       0       0       0       0       0       0       0       0
      Locals:         0       1       0       0       0       0       0       0       0
      Temps:          0       0       0       0       0       0       0       0       0
      Totals:         0       1       0       0       0       0       0       0       0
Total ram usage:        1 bytes
 Hardware stack levels used:    1
 Hardware stack levels required when called:    6
 This function calls:
		Nothing
 This function is called by:
		_D_UART_Init
		_main
 This function uses a non-reentrant model


 *************** function _D_PORT_Init *****************
 Defined at:
		line 32 in file "Drivers/PORT_Driver.c"
 Parameters:    Size  Location     Type
		None
 Auto vars:     Size  Location     Type
		None
 Return value:  Size  Location     Type
                  1    wreg      void 
 Registers used:
		wreg, status,2
 Tracked objects:
		On entry : 
		On exit  : 
		Unchanged: 
 Data sizes:     COMRAM   BANK0   BANK1   BANK2   BANK3   BANK4   BANK5   BANK6   BANK7
      Params:         0       0       0       0       0       0       0       0       0
      Locals:         0       0       0       0       0       0       0       0       0
      Temps:          0       0       0       0       0       0       0       0       0
      Totals:         0       0       0       0       0       0       0       0       0
Total ram usage:        0 bytes
 Hardware stack levels used:    1
 Hardware stack levels required when called:    6
 This function calls:
		Nothing
 This function is called by:
		_main
 This function uses a non-reentrant model


 *************** function _LowISR *****************
 Defined at:
		line 264 in file "Drivers/UART_Driver.c"
 Parameters:    Size  Location     Type
		None
 Auto vars:     Size  Location     Type
		None
 Return value:  Size  Location     Type
                  1    wreg      void 
 Registers used:
		wreg, fsr2l, fsr2h, status,2, status,0, tblptrl, tblptrh, tblptru, prodl, prodh, cstack
 Tracked objects:
		On entry : 
		On exit  : 
		Unchanged: 
 Data sizes:     COMRAM   BANK0   BANK1   BANK2   BANK3   BANK4   BANK5   BANK6   BANK7
      Params:         0       0       0       0       0       0       0       0       0
      Locals:         0       0       0       0       0       0       0       0       0
      Temps:         17       0       0       0       0       0       0       0       0
      Totals:        17       0       0       0       0       0       0       0       0
Total ram usage:       17 bytes
 Hardware stack levels used:    1
 Hardware stack levels required when called:    5
 This function calls:
		_fillDataBuffer
		_readByte
 This function is called by:
		Interrupt level 1
 This function uses a non-reentrant model


 *************** function _readByte *****************
 Defined at:
		line 74 in file "Drivers/UART_Driver.c"
 Parameters:    Size  Location     Type
		None
 Auto vars:     Size  Location     Type
		None
 Return value:  Size  Location     Type
                  1    wreg      unsigned char 
 Registers used:
		wreg, status,2
 Tracked objects:
		On entry : 
		On exit  : 
		Unchanged: 
 Data sizes:     COMRAM   BANK0   BANK1   BANK2   BANK3   BANK4   BANK5   BANK6   BANK7
      Params:         0       0       0       0       0       0       0       0       0
      Locals:         0       0       0       0       0       0       0       0       0
      Temps:          0       0       0       0       0       0       0       0       0
      Totals:         0       0       0       0       0       0       0       0       0
Total ram usage:        0 bytes
 Hardware stack levels used:    1
 This function calls:
		Nothing
 This function is called by:
		_LowISR
 This function uses a non-reentrant model


 *************** function _fillDataBuffer *****************
 Defined at:
		line 84 in file "Drivers/UART_Driver.c"
 Parameters:    Size  Location     Type
  data            1    wreg     unsigned char 
 Auto vars:     Size  Location     Type
  data            1   23[COMRAM] unsigned char 
 Return value:  Size  Location     Type
                  1    wreg      void 
 Registers used:
		wreg, fsr2l, fsr2h, status,2, status,0, tblptrl, tblptrh, tblptru, prodl, prodh, cstack
 Tracked objects:
		On entry : 
		On exit  : 
		Unchanged: 
 Data sizes:     COMRAM   BANK0   BANK1   BANK2   BANK3   BANK4   BANK5   BANK6   BANK7
      Params:         0       0       0       0       0       0       0       0       0
      Locals:         1       0       0       0       0       0       0       0       0
      Temps:          0       0       0       0       0       0       0       0       0
      Totals:         1       0       0       0       0       0       0       0       0
Total ram usage:        1 bytes
 Hardware stack levels used:    1
 Hardware stack levels required when called:    4
 This function calls:
		_acknowledge
 This function is called by:
		_LowISR
 This function uses a non-reentrant model


 *************** function _acknowledge *****************
 Defined at:
		line 169 in file "Drivers/UART_Driver.c"
 Parameters:    Size  Location     Type
		None
 Auto vars:     Size  Location     Type
		None
 Return value:  Size  Location     Type
                  1    wreg      void 
 Registers used:
		wreg, fsr2l, fsr2h, status,2, status,0, tblptrl, tblptrh, tblptru, prodl, prodh, cstack
 Tracked objects:
		On entry : 
		On exit  : 
		Unchanged: 
 Data sizes:     COMRAM   BANK0   BANK1   BANK2   BANK3   BANK4   BANK5   BANK6   BANK7
      Params:         0       0       0       0       0       0       0       0       0
      Locals:         0       0       0       0       0       0       0       0       0
      Temps:          0       0       0       0       0       0       0       0       0
      Totals:         0       0       0       0       0       0       0       0       0
Total ram usage:        0 bytes
 Hardware stack levels used:    1
 Hardware stack levels required when called:    3
 This function calls:
		i1_printf
 This function is called by:
		_fillDataBuffer
 This function uses a non-reentrant model


 *************** function i1_printf *****************
 Defined at:
		line 464 in file "/opt/microchip/xc8/v1.37/sources/common/doprnt.c"
 Parameters:    Size  Location     Type
  f               3    7[COMRAM] PTR const unsigned char 
		 -> STR_10(5), STR_9(2), STR_8(6), STR_7(2), 
		 -> STR_6(2), STR_5(3), STR_4(4), STR_3(4), 
		 -> ROM(32767), STR_2(2), STR_1(2), 
 Auto vars:     Size  Location     Type
  printf          4    0        struct .
  printf          3    0        PTR const unsigned char 
  printf          2   19[COMRAM] unsigned int 
  printf          2   16[COMRAM] PTR void [1]
		 -> ?i1_printf(2), ?_printf(2), 
  printf          2    0        unsigned int 
  printf          1   22[COMRAM] char 
  printf          1   21[COMRAM] char 
  printf          1   18[COMRAM] unsigned char 
  printf          1   15[COMRAM] unsigned char 
 Return value:  Size  Location     Type
                  2    7[COMRAM] int 
 Registers used:
		wreg, fsr2l, fsr2h, status,2, status,0, tblptrl, tblptrh, tblptru, prodl, prodh, cstack
 Tracked objects:
		On entry : 
		On exit  : 
		Unchanged: 
 Data sizes:     COMRAM   BANK0   BANK1   BANK2   BANK3   BANK4   BANK5   BANK6   BANK7
      Params:         5       0       0       0       0       0       0       0       0
      Locals:         8       0       0       0       0       0       0       0       0
      Temps:          3       0       0       0       0       0       0       0       0
      Totals:        16       0       0       0       0       0       0       0       0
Total ram usage:       16 bytes
 Hardware stack levels used:    1
 Hardware stack levels required when called:    2
 This function calls:
		i1___lwdiv
		i1_putch
 This function is called by:
		_acknowledge
 This function uses a non-reentrant model


 *************** function i1_putch *****************
 Defined at:
		line 260 in file "Drivers/UART_Driver.c"
 Parameters:    Size  Location     Type
  data            1    wreg     unsigned char 
 Auto vars:     Size  Location     Type
  data            1    1[COMRAM] unsigned char 
 Return value:  Size  Location     Type
                  1    wreg      void 
 Registers used:
		wreg, status,2, cstack
 Tracked objects:
		On entry : 
		On exit  : 
		Unchanged: 
 Data sizes:     COMRAM   BANK0   BANK1   BANK2   BANK3   BANK4   BANK5   BANK6   BANK7
      Params:         0       0       0       0       0       0       0       0       0
      Locals:         1       0       0       0       0       0       0       0       0
      Temps:          0       0       0       0       0       0       0       0       0
      Totals:         1       0       0       0       0       0       0       0       0
Total ram usage:        1 bytes
 Hardware stack levels used:    1
 Hardware stack levels required when called:    1
 This function calls:
		i1_writeByte
 This function is called by:
		i1_printf
 This function uses a non-reentrant model


 *************** function i1_writeByte *****************
 Defined at:
		line 69 in file "Drivers/UART_Driver.c"
 Parameters:    Size  Location     Type
  data            1    wreg     unsigned char 
 Auto vars:     Size  Location     Type
  data            1    0[COMRAM] unsigned char 
 Return value:  Size  Location     Type
                  1    wreg      void 
 Registers used:
		wreg
 Tracked objects:
		On entry : 
		On exit  : 
		Unchanged: 
 Data sizes:     COMRAM   BANK0   BANK1   BANK2   BANK3   BANK4   BANK5   BANK6   BANK7
      Params:         0       0       0       0       0       0       0       0       0
      Locals:         1       0       0       0       0       0       0       0       0
      Temps:          0       0       0       0       0       0       0       0       0
      Totals:         1       0       0       0       0       0       0       0       0
Total ram usage:        1 bytes
 Hardware stack levels used:    1
 This function calls:
		Nothing
 This function is called by:
		i1_putch
 This function uses a non-reentrant model


 *************** function i1___lwdiv *****************
 Defined at:
		line 8 in file "/opt/microchip/xc8/v1.37/sources/common/lwdiv.c"
 Parameters:    Size  Location     Type
  dividend        2    0[COMRAM] unsigned int 
  divisor         2    2[COMRAM] unsigned int 
 Auto vars:     Size  Location     Type
  __lwdiv         2    4[COMRAM] unsigned int 
  __lwdiv         1    6[COMRAM] unsigned char 
 Return value:  Size  Location     Type
                  2    0[COMRAM] unsigned int 
 Registers used:
		wreg, status,2, status,0
 Tracked objects:
		On entry : 
		On exit  : 
		Unchanged: 
 Data sizes:     COMRAM   BANK0   BANK1   BANK2   BANK3   BANK4   BANK5   BANK6   BANK7
      Params:         4       0       0       0       0       0       0       0       0
      Locals:         3       0       0       0       0       0       0       0       0
      Temps:          0       0       0       0       0       0       0       0       0
      Totals:         7       0       0       0       0       0       0       0       0
Total ram usage:        7 bytes
 Hardware stack levels used:    1
 This function calls:
		Nothing
 This function is called by:
		i1_printf
 This function uses a non-reentrant model



MODULE INFORMATION

Module		Function		Class		Link	Load	Size
Drivers/PORT_Driver.c
		_D_PORT_Init   		CODE           	122C	0000	31

Drivers/PORT_Driver.c estimated size: 31

/opt/microchip/xc8/v1.37/sources/common/lwdiv.c
		___lwdiv       		CODE           	0FFA	0000	121

/opt/microchip/xc8/v1.37/sources/common/lwdiv.c estimated size: 121

Drivers/UART_Driver.c
		_readByte      		CODE           	127C	0000	9
		_LowISR        		CODE           	0018	0000	157
		_putch         		CODE           	124A	0000	15
		_D_UART_Read   		CODE           	11DA	0000	45
		_D_UART_Init   		CODE           	0F52	0000	169
		_fillDataBuffer		CODE           	0844	0000	461
		_D_UART_Write  		CODE           	0E80	0000	211
		_D_UART_Enable 		CODE           	1206	0000	39
		_writeByte     		CODE           	1258	0000	15
		_acknowledge   		CODE           	1072	0000	97

Drivers/UART_Driver.c estimated size: 1218

/opt/microchip/xc8/v1.37/sources/common/strcmp.c
		_strcmp        		CODE           	1130	0000	89

/opt/microchip/xc8/v1.37/sources/common/strcmp.c estimated size: 89

/opt/microchip/xc8/v1.37/sources/common/aldiv.c
		___aldiv       		CODE           	0C94	0000	283

/opt/microchip/xc8/v1.37/sources/common/aldiv.c estimated size: 283

/opt/microchip/xc8/v1.37/sources/common/doprnt.c
		_printf        		CODE           	0A10	0000	347

/opt/microchip/xc8/v1.37/sources/common/doprnt.c estimated size: 347

shared
		i1_printf      		CODE           	0B6A	0000	299
		i1_writeByte   		CODE           	1266	0000	13
		i1_putch       		CODE           	1272	0000	11
		i1___lwdiv     		CODE           	1188	0000	83
		__initialization		CODE           	10D2	0000	81
		_hexpowers     		SMALLCONST     	0801	0000	9

shared estimated size: 496

main.c
		_main          		CODE           	0DAE	0000	211

main.c estimated size: 211

